[36mvite v7.3.1 [32mbuilding client environment for production...[36m[39m
transforming...
[32mΓ£ô[39m 6 modules transformed.
node.exe : [31mΓ£ù[39m Build failed in 1.49s
At line:1 char:1
+ & "C:\nvm4w\nodejs/node.exe" 
"C:\nvm4w\nodejs/node_modules/npm/bin/np ...
+ ~~~~~~~~~~~~~~~~~~~~~~~~~~~~~~~~~~~~~~~~~~~~~~~~~~~~~
~~~~~~~~~~~~~~~~
    + CategoryInfo          : NotSpecified: ([31mΓ£ù 
   [39m Build failed in 1.49s:String) [], RemoteExcep  
  tion
    + FullyQualifiedErrorId : NativeCommandError
 
[31merror during build:
[31m[vite:css] [postcss] C:/Users/ayush/Downloads/Clou
d_Enabled_Attendance_System/client/attendance_frontend/
src/index.css:53:11: The `animate-in` class does not 
exist. If `animate-in` is a custom class, make sure it 
is defined within a `@layer` directive.[31m
file: [36mC:/Users/ayush/Downloads/Cloud_Enabled_Atten
dance_System/client/attendance_frontend/src/index.css:5
3:10[31m
    at Input.error (C:\Users\ayush\Downloads\Cloud_Enab
led_Attendance_System\client\attendance_frontend\node_m
odules\postcss\lib\input.js:135:16)
    at AtRule.error (C:\Users\ayush\Downloads\Cloud_Ena
bled_Attendance_System\client\attendance_frontend\node_
modules\postcss\lib\node.js:146:32)
    at processApply (C:\Users\ayush\Downloads\Cloud_Ena
bled_Attendance_System\client\attendance_frontend\node_
modules\tailwindcss\lib\lib\expandApplyAtRules.js:380:2
9)
    at C:\Users\ayush\Downloads\Cloud_Enabled_Attendanc
e_System\client\attendance_frontend\node_modules\tailwi
ndcss\lib\lib\expandApplyAtRules.js:551:9
    at C:\Users\ayush\Downloads\Cloud_Enabled_Attendanc
e_System\client\attendance_frontend\node_modules\tailwi
ndcss\lib\processTailwindFeatures.js:55:50
    at async plugins (C:\Users\ayush\Downloads\Cloud_En
abled_Attendance_System\client\attendance_frontend\node
_modules\tailwindcss\lib\plugin.js:38:17)
    at async LazyResult.runAsync (C:\Users\ayush\Downlo
ads\Cloud_Enabled_Attendance_System\client\attendance_f
rontend\node_modules\postcss\lib\lazy-result.js:293:11)
    at async runPostCSS (file:///C:/Users/ayush/Downloa
ds/Cloud_Enabled_Attendance_System/client/attendance_fr
ontend/node_modules/vite/dist/node/chunks/config.js:301
45:19)
    at async compilePostCSS (file:///C:/Users/ayush/Dow
nloads/Cloud_Enabled_Attendance_System/client/attendanc
e_frontend/node_modules/vite/dist/node/chunks/config.js
:30129:6)
    at async compileCSS (file:///C:/Users/ayush/Downloa
ds/Cloud_Enabled_Attendance_System/client/attendance_fr
ontend/node_modules/vite/dist/node/chunks/config.js:300
59:26)[39m
